IDENTIFIER:a
PLUS
IDENTIFIER:b
MINUS
IDENTIFIER:c
STAR
IDENTIFIER:d
SLASH
IDENTIFIER:e
PERCENT
IDENTIFIER:f
EQUAL
EQUAL
IDENTIFIER:g
BANG
EQUAL
IDENTIFIER:h
LESS
IDENTIFIER:i
LESS
EQUAL
IDENTIFIER:j
GREATER
IDENTIFIER:k
GREATER
EQUAL
IDENTIFIER:l
AND
AND
IDENTIFIER:m
OR
OR
IDENTIFIER:n
LESS
LESS
NUMBER:1
GREATER
GREATER
NUMBER:2
EOF
