IMPORT
LPAREN
STRING:std.mem
RPAREN
SEMICOLON
STRUCT
IDENTIFIER:Point
LBRACE
IDENTIFIER:x
COLON
IDENTIFIER:f32
SEMICOLON
IDENTIFIER:y
COLON
IDENTIFIER:f32
SEMICOLON
RBRACE
ENUM
IDENTIFIER:Color
COLON
IDENTIFIER:u8
LBRACE
IDENTIFIER:Red
COMMA
IDENTIFIER:Green
COMMA
IDENTIFIER:Blue
COMMA
RBRACE
PROCEDURE
IDENTIFIER:move
LPAREN
IDENTIFIER:p
COLON
STAR
IDENTIFIER:Point
COMMA
IDENTIFIER:dx
COLON
IDENTIFIER:f32
COMMA
IDENTIFIER:dy
COLON
IDENTIFIER:f32
RPAREN
LBRACE
IDENTIFIER:p
DOT
IDENTIFIER:x
EQUAL
IDENTIFIER:p
DOT
IDENTIFIER:x
PLUS
IDENTIFIER:dx
SEMICOLON
IDENTIFIER:p
DOT
IDENTIFIER:y
EQUAL
IDENTIFIER:p
DOT
IDENTIFIER:y
PLUS
IDENTIFIER:dy
SEMICOLON
RBRACE
EOF
