IMPORT
LPAREN
STRING:io.fs
RPAREN
SEMICOLON
IMPORT
LPAREN
STRING:std.string
RPAREN
SEMICOLON
PROCEDURE
IDENTIFIER:test
LPAREN
IDENTIFIER:a
COLON
IDENTIFIER:i32
COMMA
IDENTIFIER:b
COLON
IDENTIFIER:f32
COMMA
IDENTIFIER:c
COLON
LBRACKET
RBRACKET
IDENTIFIER:u8
RPAREN
IDENTIFIER:void
LBRACE
IDENTIFIER:println
LPAREN
STRING:A
RPAREN
SEMICOLON
IF
LPAREN
IDENTIFIER:a
LESS
NUMBER:10
RPAREN
LBRACE
IDENTIFIER:a
EQUAL
IDENTIFIER:a
PLUS
NUMBER:1
SEMICOLON
RBRACE
ELSE
LBRACE
IDENTIFIER:b
EQUAL
IDENTIFIER:b
MINUS
NUMBER:1
SEMICOLON
RBRACE
RETURN
SEMICOLON
RBRACE
EOF
